[1m>> Flash debug_encoders_acs → /dev/ttyACM0 [6 BTS + 6 encoders + 6 ACS712, config real, CSV][0m
  ROVER ELEVADO. Captura: 'make monitor PORT=/dev/ttyACM0 | tee logs/2026-05-31_enc_acs.csv'
RAVEDUDE_PORT=/dev/ttyACM0 \
RUSTFLAGS="-C target-cpu=atmega2560" \
cargo +nightly run --release \
  -Zjson-target-spec \
  -Zbuild-std=core \
  --example debug_encoders_acs
warning: feature `abi_avr_interrupt` is declared but not used
 --> src/lib.rs:3:42
  |
3 | #![cfg_attr(target_arch = "avr", feature(abi_avr_interrupt))]
  |                                          ^^^^^^^^^^^^^^^^^
  |
  = note: `#[warn(unused_features)]` (part of `#[warn(unused)]`) on by default

warning: `rover-low-level-controller` (lib) generated 1 warning
    Finished `release` profile [optimized] target(s) in 0.07s
     Running `ravedude target/avr-atmega2560/release/examples/debug_encoders_acs`
       Board Arduino Mega 2560
 Programming target/avr-atmega2560/release/examples/debug_encoders_acs => /dev/ttyACM0

avrdude: AVR device initialized and ready to accept instructions
avrdude: device signature = 0x1e9801 (probably m2560)
avrdude: reading input file target/avr-atmega2560/release/examples/debug_encoders_acs for flash
         with 18810 bytes in 1 section within [0, 0x4979]
         using 74 pages and 134 pad bytes
avrdude: writing 18810 bytes flash ...

Writing | ################################################## | 100% 2.69s

avrdude: 18810 bytes of flash written
avrdude: verifying flash memory against target/avr-atmega2560/release/examples/debug_encoders_acs

Reading | ################################################## | 100% 1.95s

avrdude: 18810 bytes of flash verified

avrdude done.  Thank you.

  Programmed target/avr-atmega2560/release/examples/debug_encoders_acs
