WARN:TOF_FAIL
WARN:INA3221_FAIL
I2C:NONE
WARN:MPU6050_FAIL
INFO:TF02_INIT
RESET:POWERON
=== ROVER OLYMPUS v2.20 — MSM + HC-SR04 + VL53L0X + TF02 + INA3221 + ENCODERS + ACS712 + LM335 + NTC + RELAY + CLB [all-bts7960: 6x BTS7960 Timer5C/B en D44/D45] ===
INFO:ACS_ZERO_MV:2438:2448:2453:2463:1212:2438
INFO:TF02_SIG:7
WARN:LM335_OOR
TLM:LIMIT:000000:480ms:0mV:0mA:244:0:-146:-195:-5425:97:0C:41:40:45:48:51:56C:0mm:0:0:0:0:0:1830mm
WARN:LM335_OOR
TLM:LIMIT:000000:980ms:0mV:0mA:97:0:-195:-146:-5376:97:0C:40:39:44:47:50:55C:0mm:0:0:0:0:0:1830mm
TLM:LIMIT:000000:980ms:0mV:0mA:97:0:-195:-146:-5376:97:0C:40:39:44:47:50:55C:0mm:0:0:0:0:0:1830mm
WARN:LM335_OOR
TLM:LIMIT:000000:1480ms:0mV:0mA:195:-97:-146:-195:-5425:48:0C:40:40:44:47:50:55C:0mm:0:0:0:0:0:1830mm
WARN:LM335_OOR
TLM:LIMIT:000000:1980ms:0mV:0mA:146:0:-97:-195:-5425:48:0C:40:39:44:47:50:55C:0mm:0:0:0:0:0:1830mm
TLM:LIMIT:000000:1980ms:0mV:0mA:146:0:-97:-195:-5425:48:0C:40:39:44:47:50:55C:0mm:0:0:0:0:0:1830mm
WARN:LM335_OOR
TLM:LIMIT:000000:2480ms:0mV:0mA:146:-48:-146:-195:-5376:48:0C:40:40:44:47:50:55C:0mm:0:0:0:0:0:1830mm
WARN:LM335_OOR
TLM:LIMIT:000000:2980ms:0mV:0mA:146:-48:-146:-195:-5425:97:0C:40:39:44:47:50:55C:0mm:0:0:0:0:0:1830mm
TLM:LIMIT:000000:2980ms:0mV:0mA:146:-48:-146:-195:-5425:97:0C:40:39:44:47:50:55C:0mm:0:0:0:0:0:1830mm