[1m>> Flash debug_encoders_drive → /dev/ttyACM0 [6 motores 30% + 6 encoders, CSV ticks][0m
  ROVER ELEVADO. Mueve los 6 a 30% 8s e imprime ticks. Para verificar el encoder FL.
RAVEDUDE_PORT=/dev/ttyACM0 \
RUSTFLAGS="-C target-cpu=atmega2560" \
cargo +nightly run --release \
  -Zjson-target-spec \
  -Zbuild-std=core \
  --example debug_encoders_drive
warning: feature `abi_avr_interrupt` is declared but not used
 --> src/lib.rs:3:42
  |
3 | #![cfg_attr(target_arch = "avr", feature(abi_avr_interrupt))]
  |                                          ^^^^^^^^^^^^^^^^^
  |
  = note: `#[warn(unused_features)]` (part of `#[warn(unused)]`) on by default

warning: `rover-low-level-controller` (lib) generated 1 warning
    Finished `release` profile [optimized] target(s) in 0.07s
     Running `ravedude target/avr-atmega2560/release/examples/debug_encoders_drive`
       Board Arduino Mega 2560
 Programming target/avr-atmega2560/release/examples/debug_encoders_drive => /dev/ttyACM0

avrdude: AVR device initialized and ready to accept instructions
avrdude: device signature = 0x1e9801 (probably m2560)
avrdude: reading input file target/avr-atmega2560/release/examples/debug_encoders_drive for flash
         with 6556 bytes in 1 section within [0, 0x199b]
         using 26 pages and 100 pad bytes
avrdude: writing 6556 bytes flash ...

Writing | ################################################## | 100% 0.96s

avrdude: 6556 bytes of flash written
avrdude: verifying flash memory against target/avr-atmega2560/release/examples/debug_encoders_drive

Reading | ################################################## | 100% 0.68s

avrdude: 6556 bytes of flash verified

avrdude done.  Thank you.

  Programmed target/avr-atmega2560/release/examples/debug_encoders_drive
